=== [1/6] kind cluster ===
Creating cluster "mongo-kind" ...
 • Ensuring node image (kindest/node:v1.30.0) 🖼  ...
 ✓ Ensuring node image (kindest/node:v1.30.0) 🖼
 • Preparing nodes 📦 📦 📦   ...
 ✓ Preparing nodes 📦 📦 📦 
 • Writing configuration 📜  ...
 ✓ Writing configuration 📜
 • Starting control-plane 🕹️  ...
 ✓ Starting control-plane 🕹️
 • Installing CNI 🔌  ...
 ✓ Installing CNI 🔌
 • Installing StorageClass 💾  ...
 ✓ Installing StorageClass 💾
 • Joining worker nodes 🚜  ...
 ✓ Joining worker nodes 🚜
Set kubectl context to "kind-mongo-kind"
You can now use your cluster with:

kubectl cluster-info --context kind-mongo-kind

Not sure what to do next? 😅  Check out https://kind.sigs.k8s.io/docs/user/quick-start/
Kubernetes control plane is running at https://127.0.0.1:49863
CoreDNS is running at https://127.0.0.1:49863/api/v1/namespaces/kube-system/services/kube-dns:dns/proxy

To further debug and diagnose cluster problems, use 'kubectl cluster-info dump'.
=== [2/6] Applying manifests (namespace, services, statefulset) for namespace=mongo-102465259 ===
-- applying 00-namespace.yaml
namespace/mongo-102465259 created
-- applying 10-headless-service.yaml
service/mongo-h created
-- applying 11-read-service.yaml
service/mongo-read created
-- applying 20-statefulset.yaml
statefulset.apps/mongo created
=== [3/6] Waiting for StatefulSet rollout ===
Waiting for 3 pods to be ready...
Waiting for 2 pods to be ready...
Waiting for 2 pods to be ready...
Waiting for 1 pods to be ready...
Waiting for 1 pods to be ready...
partitioned roll out complete: 3 new pods have been updated...
=== [4/6] Initializing replica set ===
Waiting for mongo-0, mongo-1, mongo-2 pods to be Running in mongo-102465259...
pod/mongo-0 condition met
pod/mongo-1 condition met
pod/mongo-2 condition met
Initiating replica set rs0 with mongo-0/1/2 stable DNS names...
{ ok: 1 }
Waiting for a PRIMARY to be elected...
Primary elected: mongo-0.mongo-h.mongo-102465259.svc.cluster.local:27017
mongo-0.mongo-h.mongo-102465259.svc.cluster.local:27017 -> PRIMARY
mongo-1.mongo-h.mongo-102465259.svc.cluster.local:27017 -> SECONDARY
mongo-2.mongo-h.mongo-102465259.svc.cluster.local:27017 -> SECONDARY
=== [5/6] Seeding data ===
Seeding clo835.students with 10 documents (sid=102465259, w: majority)...
Inserted: undefined
Seed count now: 10
=== [6/6] Final replica set status ===
mongo-0.mongo-h.mongo-102465259.svc.cluster.local:27017 -> stateStr=PRIMARY health=1
mongo-1.mongo-h.mongo-102465259.svc.cluster.local:27017 -> stateStr=SECONDARY health=1
mongo-2.mongo-h.mongo-102465259.svc.cluster.local:27017 -> stateStr=SECONDARY health=1
